<html>
<body>
<pre>
<h1>µVision Build Log</h1>
<h2>Project:</h2>
C:\Users\ponytojas\Documents\Informatica\practica3\main.uvproj
Project File Date:  02/28/2017

<h2>Output:</h2>
Rebuild target 'practica3'
assembling startup_LPC17xx.s...
compiling system_LPC17xx.c...
compiling main.c...
main.c(97): warning:  #177-D: variable "estado" was declared but never referenced
                int estado = valor&0x01;
main.c: 1 warning, 0 errors
linking...
Program Size: Code=3596 RO-data=236 RW-data=4 ZI-data=612  
".\main.axf" - 0 Error(s), 1 Warning(s).
