<html>
<body>
<pre>
<h1>µVision Build Log</h1>
<h2>Project:</h2>
C:\Users\ponytojas\Documents\Informatica\practica1\practica1.uvproj
Project File Date:  02/06/2017

<h2>Output:</h2>
Rebuild target 'Target 1'
assembling startup_LPC17xx.s...
compiling system_LPC17xx.c...
compiling main.c...
main.c(66): warning:  #1-D: last line of file ends without a newline
  */
main.c: 1 warning, 0 errors
linking...
Program Size: Code=3236 RO-data=236 RW-data=16 ZI-data=262752  
".\practica1.axf" - 0 Error(s), 1 Warning(s).
</pre>
</body>
</html>
data=16 ZI-data=262752  
".\practica1.axf" - 0 Error(s), 2 Warning(s).
